Archive member included because of file (symbol)

../cross_compiler/lib/gcc/arm-none-eabi/4.8.1//libgcc.a(_udivsi3.o)
                              binaries/qsort.o (__aeabi_uidiv)
../cross_compiler/lib/gcc/arm-none-eabi/4.8.1//libgcc.a(_divsi3.o)
                              binaries/doprnt.o (__aeabi_idiv)
../cross_compiler/lib/gcc/arm-none-eabi/4.8.1//libgcc.a(_dvmd_tls.o)
                              ../cross_compiler/lib/gcc/arm-none-eabi/4.8.1//libgcc.a(_udivsi3.o) (__aeabi_idiv0)
../cross_compiler/lib/gcc/arm-none-eabi/4.8.1//libgcc.a(_arm_muldivdf3.o)
                              binaries/doprnt.o (__aeabi_dmul)
../cross_compiler/lib/gcc/arm-none-eabi/4.8.1//libgcc.a(_arm_cmpdf2.o)
                              binaries/doprnt.o (__aeabi_dcmplt)
../cross_compiler/lib/gcc/arm-none-eabi/4.8.1//libgcc.a(_arm_fixdfsi.o)
                              binaries/doprnt.o (__aeabi_d2iz)

Allocating common symbols
Common symbol       size              file

netbufpool          0x4               binaries/net.o
pipes               0x370             binaries/initialize.o
readylist           0x2               binaries/ready.o
rfltab              0x5a0             binaries/rflinit.o
netportseed         0x4               binaries/net.o
commtype            0x1               binaries/lexan.o
sleepq              0x2               binaries/clkinit.o
gpiotab             0x10              binaries/gpioinit.o
intc_vector         0x200             binaries/evec.o
nnames              0x4               binaries/naminit.o
udptab              0x168             binaries/udp.o
minheap             0x4               binaries/meminit.o
marks               0x50              binaries/mark.o
currpid             0x4               binaries/initialize.o
Lf_data             0x20c             binaries/lfsinit.o
porttab             0x2d0             binaries/ptinit.o
ttytab              0x110             binaries/ttyinit.o
proctab             0x1770            binaries/initialize.o
eth_a_regs          0x1c              binaries/ethinit.o
prcount             0x4               binaries/initialize.o
lfltab              0xf00             binaries/lflinit.o
rdstab              0x8c              binaries/rdsinit.o
ethertab            0x138             binaries/ethinit.o
NetData             0xb0              binaries/net.o
nmarks              0x4               binaries/mark.o
Defer               0x8               binaries/resched.o
semtab              0x4b0             binaries/initialize.o
maxheap             0x4               binaries/meminit.o
preempt             0x4               binaries/clkinit.o
buftab              0xf0              binaries/bufinit.o
Rf_data             0x18              binaries/rfsinit.o
mkmutex             0x4               binaries/mark.o
count1000           0x4               binaries/clkinit.o
clktime             0x4               binaries/clkinit.o
arpcache            0x140             binaries/arp.o
icmptab             0x230             binaries/icmp.o
nbpools             0x4               binaries/bufinit.o
queuetab            0x980             binaries/queue.o
ptnextid            0x4               binaries/ptinit.o
Ram                 0x19000           binaries/raminit.o
ipoqueue            0x2c              binaries/ip.o
memlist             0x8               binaries/initialize.o
nametab             0x2008            binaries/naminit.o
ptfree              0x4               binaries/ptinit.o

Memory Configuration

Name             Origin             Length             Attributes
*default*        0x00000000         0xffffffff

Linker script and memory map

                0x81000000                physbase = 0x81000000
                0x81000000                . = physbase
                0x81000000                . = ALIGN (0x1000)

.text           0x81000000    0x16000
                0x81000000                text = ABSOLUTE (.)
 *(.text .text.*)
 .text          0x81000000       0x4c binaries/start.o
                0x81000000                start
 .text          0x8100004c      0x33c binaries/ascdate.o
                0x8100004c                ascdate
 .text          0x81000388       0x18 binaries/bufinit.o
                0x81000388                bufinit
 .text          0x810003a0       0x68 binaries/chprio.o
                0x810003a0                chprio
 .text          0x81000408       0xf0 binaries/clkhandler.o
                0x81000408                clkhandler
 .text          0x810004f8       0xe0 binaries/clkinit.o
                0x810004f8                clkinit
 .text          0x810005d8       0x50 binaries/close.o
                0x810005d8                close
 .text          0x81000628        0x0 binaries/conf.o
 .text          0x81000628       0x68 binaries/control.o
                0x81000628                control
 .text          0x81000690      0x290 binaries/create.o
                0x81000690                create
 .text          0x81000920       0xc4 binaries/evec.o
                0x81000920                initintc
                0x8100094c                set_evec
                0x8100098c                irq_dispatch
 .text          0x810009e4       0x10 binaries/exit.o
                0x810009e4                exit
 .text          0x810009f4       0x7c binaries/freebuf.o
                0x810009f4                freebuf
 .text          0x81000a70      0x148 binaries/freemem.o
                0x81000a70                freemem
 .text          0x81000bb8       0x78 binaries/getbuf.o
                0x81000bb8                getbuf
 .text          0x81000c30       0x50 binaries/getc.o
                0x81000c30                getc
 .text          0x81000c80       0x68 binaries/getdev.o
                0x81000c80                getdev
 .text          0x81000ce8       0xa0 binaries/getitem.o
                0x81000ce8                getitem
                0x81000d18                getfirst
                0x81000d4c                getlast
 .text          0x81000d88      0x108 binaries/getmem.o
                0x81000d88                getmem
 .text          0x81000e90       0x10 binaries/getpid.o
                0x81000e90                getpid
 .text          0x81000ea0       0x5c binaries/getprio.o
                0x81000ea0                getprio
 .text          0x81000efc       0xc8 binaries/getstk.o
                0x81000efc                getstk
 .text          0x81000fc4        0x8 binaries/getticks.o
                0x81000fc4                getticks
 .text          0x81000fcc       0x38 binaries/gettime.o
                0x81000fcc                gettime
 .text          0x81001004      0x1f4 binaries/getutime.o
                0x81001004                getutime
 .text          0x810011f8       0x50 binaries/init.o
                0x810011f8                init
 .text          0x81001248      0x348 binaries/initialize.o
                0x810012ec                nulluser
                0x81001530                stop
                0x81001554                delay
 .text          0x81001590       0xd0 binaries/insert.o
                0x81001590                insert
 .text          0x81001660      0x134 binaries/insertd.o
                0x81001660                insertd
 .text          0x81001794        0x8 binaries/ioerr.o
                0x81001794                ioerr
 .text          0x8100179c        0x8 binaries/ionull.o
                0x8100179c                ionull
 .text          0x810017a4      0x158 binaries/kill.o
                0x810017a4                kill
 .text          0x810018fc       0xd0 binaries/kprintf.o
                0x810018fc                kputc
                0x8100194c                kgetc
                0x8100198c                kprintf
 .text          0x810019cc       0x10 binaries/main.o
                0x810019cc                main
 .text          0x810019dc       0xd0 binaries/mark.o
                0x810019dc                markinit
                0x81001a08                mark
 .text          0x81001aac       0x48 binaries/meminit.o
                0x81001aac                meminit
 .text          0x81001af4      0x140 binaries/mkbufpool.o
                0x81001af4                mkbufpool
 .text          0x81001c34       0x7c binaries/newqueue.o
                0x81001c34                newqueue
 .text          0x81001cb0       0x60 binaries/open.o
                0x81001cb0                open
 .text          0x81001d10       0x20 binaries/panic.o
                0x81001d10                panic
 .text          0x81001d30       0xac binaries/platinit.o
                0x81001d30                counterinit
                0x81001d48                platinit
 .text          0x81001ddc       0xa8 binaries/ptclear.o
                0x81001ddc                _ptclear
 .text          0x81001e84       0x78 binaries/ptcount.o
                0x81001e84                ptcount
 .text          0x81001efc       0xdc binaries/ptcreate.o
                0x81001efc                ptcreate
 .text          0x81001fd8       0x74 binaries/ptdelete.o
                0x81001fd8                ptdelete
 .text          0x8100204c       0xbc binaries/ptinit.o
                0x8100204c                ptinit
 .text          0x81002108       0xd0 binaries/ptrecv.o
                0x81002108                ptrecv
 .text          0x810021d8       0x68 binaries/ptreset.o
                0x810021d8                ptreset
 .text          0x81002240       0xf4 binaries/ptsend.o
                0x81002240                ptsend
 .text          0x81002334       0x58 binaries/putc.o
                0x81002334                putc
 .text          0x8100238c       0xf4 binaries/queue.o
                0x8100238c                enqueue
                0x81002424                dequeue
 .text          0x81002480       0x60 binaries/read.o
                0x81002480                read
 .text          0x810024e0       0x74 binaries/ready.o
                0x810024e0                ready
 .text          0x81002554       0x60 binaries/receive.o
                0x81002554                receive
 .text          0x810025b4       0x48 binaries/recvclr.o
                0x810025b4                recvclr
 .text          0x810025fc       0xb0 binaries/recvtime.o
                0x810025fc                recvtime
 .text          0x810026ac      0x1ac binaries/resched.o
                0x810026ac                resched
                0x8100279c                resched_cntl
 .text          0x81002858       0x90 binaries/resume.o
                0x81002858                resume
 .text          0x810028e8       0x98 binaries/runshell.o
                0x810028e8                runShell
 .text          0x81002980       0x58 binaries/seek.o
                0x81002980                seek
 .text          0x810029d8       0x58 binaries/semcount.o
                0x810029d8                semcount
 .text          0x81002a30       0xb8 binaries/semcreate.o
                0x81002a30                semcreate
 .text          0x81002ae8       0xac binaries/semdelete.o
                0x81002ae8                semdelete
 .text          0x81002b94       0xa4 binaries/semreset.o
                0x81002b94                semreset
 .text          0x81002c38       0xc0 binaries/send.o
                0x81002c38                send
 .text          0x81002cf8       0x80 binaries/signal.o
                0x81002cf8                signal
 .text          0x81002d78       0xb0 binaries/signaln.o
                0x81002d78                signaln
 .text          0x81002e28       0xcc binaries/sleep.o
                0x81002e28                sleepms
                0x81002ec4                sleep
 .text          0x81002ef4       0xbc binaries/suspend.o
                0x81002ef4                suspend
 .text          0x81002fb0       0xb8 binaries/unsleep.o
                0x81002fb0                unsleep
 .text          0x81003068       0x50 binaries/uprintf.o
                0x81003068                uprintf
 .text          0x810030b8       0x10 binaries/userret.o
                0x810030b8                userret
 .text          0x810030c8       0xac binaries/wait.o
                0x810030c8                wait
 .text          0x81003174       0xa0 binaries/wakeup.o
                0x81003174                wakeup
 .text          0x81003214       0x60 binaries/write.o
                0x81003214                write
 .text          0x81003274       0x18 binaries/xdone.o
                0x81003274                xdone
 .text          0x8100328c       0x20 binaries/yield.o
                0x8100328c                yield
 .text          0x810032ac        0xc binaries/abs.o
                0x810032ac                abs
 .text          0x810032b8      0x114 binaries/atoi.o
                0x810032b8                atoi
 .text          0x810033cc      0x114 binaries/atol.o
                0x810033cc                atol
 .text          0x810034e0       0x20 binaries/bzero.o
                0x810034e0                bzero
 .text          0x81003500        0x0 binaries/ctype_.o
 .text          0x81003500      0xa34 binaries/doprnt.o
                0x81003720                _doprnt
 .text          0x81003f34      0x704 binaries/doscan.o
                0x81003f34                _doscan
 .text          0x81004638      0x898 binaries/fdoprnt.o
                0x810046e4                _fdoprnt
 .text          0x81004ed0       0x14 binaries/fgetc.o
                0x81004ed0                fgetc
 .text          0x81004ee4       0x84 binaries/fgets.o
                0x81004ee4                fgets
 .text          0x81004f68       0x3c binaries/fprintf.o
                0x81004f68                fprintf
 .text          0x81004fa4       0x24 binaries/fputc.o
                0x81004fa4                fputc
 .text          0x81004fc8       0x38 binaries/fputs.o
                0x81004fc8                fputs
 .text          0x81005000       0x78 binaries/fscanf.o
                0x81005034                fscanf
 .text          0x81005078       0x2c binaries/getchar.o
                0x81005078                getchar
 .text          0x810050a4        0xc binaries/labs.o
                0x810050a4                labs
 .text          0x810050b0        0x0 binaries/memchr.o
 .text          0x810050b0       0x60 binaries/memcmp.o
                0x810050b0                memcmp
 .text          0x81005110       0x24 binaries/memcpy.o
                0x81005110                memcpy
 .text          0x81005134       0x20 binaries/memset.o
                0x81005134                memset
 .text          0x81005154       0x58 binaries/printf.o
                0x81005154                printf
 .text          0x810051ac       0x2c binaries/putchar.o
                0x810051ac                putchar
 .text          0x810051d8      0x254 binaries/qsort.o
                0x8100540c                qsort
 .text          0x8100542c       0x7c binaries/rand.o
                0x8100542c                rand
                0x81005464                rand_r
                0x81005498                srand
 .text          0x810054a8       0x68 binaries/sprintf.o
                0x810054c0                sprintf
 .text          0x81005510       0x78 binaries/sscanf.o
                0x81005544                sscanf
 .text          0x81005588       0x48 binaries/strchr.o
                0x81005588                strchr
 .text          0x810055d0       0x54 binaries/strcmp.o
                0x810055d0                strcmp
 .text          0x81005624       0x18 binaries/strcpy.o
                0x81005624                strcpy
 .text          0x8100563c       0x30 binaries/strlen.o
                0x8100563c                strlen
 .text          0x8100566c       0x50 binaries/strncat.o
                0x8100566c                strncat
 .text          0x810056bc       0x54 binaries/strncmp.o
                0x810056bc                strncmp
 .text          0x81005710       0x80 binaries/strncpy.o
                0x81005710                strncpy
 .text          0x81005790       0x48 binaries/strnlen.o
                0x81005790                strnlen
 .text          0x810057d8       0x58 binaries/strrchr.o
                0x810057d8                strrchr
 .text          0x81005830       0xb0 binaries/strstr.o
                0x81005830                strstr
 .text          0x810058e0       0xc8 binaries/ttycontrol.o
                0x810058e0                ttycontrol
 .text          0x810059a8       0x6c binaries/ttygetc.o
                0x810059a8                ttygetc
 .text          0x81005a14      0x4e0 binaries/ttyhandle_in.o
                0x81005ae0                ttyhandle_in
 .text          0x81005ef4      0x14c binaries/ttyhandle_out.o
                0x81005ef4                ttyhandle_out
 .text          0x81006040       0xc8 binaries/ttyhandler.o
                0x81006040                ttyhandler
 .text          0x81006108      0x120 binaries/ttyinit.o
                0x81006108                ttyinit
 .text          0x81006228        0xc binaries/ttykickout.o
                0x81006228                ttykickout
 .text          0x81006234       0x78 binaries/ttyputc.o
                0x81006234                ttyputc
 .text          0x810062ac      0x110 binaries/ttyread.o
                0x810062ac                ttyread
 .text          0x810063bc       0x4c binaries/ttywrite.o
                0x810063bc                ttywrite
 .text          0x81006408      0x134 binaries/mount.o
                0x81006408                namlen
                0x8100645c                mount
 .text          0x8100653c      0x1c8 binaries/naminit.o
                0x8100653c                naminit
 .text          0x81006704      0x238 binaries/nammap.o
                0x81006704                namrepl
                0x8100683c                namcpy
                0x81006898                nammap
 .text          0x8100693c       0x40 binaries/namopen.o
                0x8100693c                namopen
 .text          0x8100697c       0x40 binaries/ethcontrol.o
                0x8100697c                ethcontrol
 .text          0x810069bc      0x178 binaries/ethhandler.o
                0x810069bc                ethhandler
 .text          0x81006b34      0x734 binaries/ethinit.o
                0x81006b34                eth_phy_read
                0x81006ba4                eth_phy_write
                0x81006bfc                eth_phy_reset
                0x81006d6c                ethinit
 .text          0x81007268       0xd8 binaries/ethread.o
                0x81007268                ethread
 .text          0x81007340       0xf0 binaries/ethwrite.o
                0x81007340                ethwrite
 .text          0x81007430       0x90 binaries/rdsbufalloc.o
                0x81007430                rdsbufalloc
 .text          0x810074c0       0xa0 binaries/rdsclose.o
                0x810074c0                rdsclose
 .text          0x81007560      0x20c binaries/rdscomm.o
                0x81007560                rdscomm
 .text          0x8100776c      0x1a0 binaries/rdscontrol.o
                0x8100776c                rdscontrol
 .text          0x8100790c      0x180 binaries/rdsinit.o
                0x8100790c                rdsinit
 .text          0x81007a8c      0x134 binaries/rdsopen.o
                0x81007a8c                rdsopen
 .text          0x81007bc0      0x304 binaries/rdsprocess.o
                0x81007bc0                rdsprocess
 .text          0x81007ec4      0x210 binaries/rdsread.o
                0x81007ec4                rdsread
 .text          0x810080d4      0x184 binaries/rdswrite.o
                0x810080d4                rdswrite
 .text          0x81008258        0x8 binaries/ramclose.o
                0x81008258                ramclose
 .text          0x81008260       0x3c binaries/raminit.o
                0x81008260                raminit
 .text          0x8100829c        0x8 binaries/ramopen.o
                0x8100829c                ramopen
 .text          0x810082a4       0x24 binaries/ramread.o
                0x810082a4                ramread
 .text          0x810082c8       0x20 binaries/ramwrite.o
                0x810082c8                ramwrite
 .text          0x810082e8       0x94 binaries/lfdballoc.o
                0x810082e8                lfdballoc
 .text          0x8100837c       0x4c binaries/lfdbfree.o
                0x8100837c                lfdbfree
 .text          0x810083c8       0xb8 binaries/lfflush.o
                0x810083c8                lfflush
 .text          0x81008480       0xc8 binaries/lfgetmode.o
                0x81008480                lfgetmode
 .text          0x81008548       0x6c binaries/lfiballoc.o
                0x81008548                lfiballoc
 .text          0x810085b4       0x30 binaries/lfibclear.o
                0x810085b4                lfibclear
 .text          0x810085e4       0x64 binaries/lfibget.o
                0x810085e4                lfibget
 .text          0x81008648       0x8c binaries/lfibput.o
                0x81008648                lfibput
 .text          0x810086d4       0x84 binaries/lflclose.o
                0x810086d4                lflclose
 .text          0x81008758       0xa0 binaries/lflcontrol.o
                0x81008758                lflcontrol
 .text          0x810087f8       0xa8 binaries/lflgetc.o
                0x810087f8                lflgetc
 .text          0x810088a0       0xa8 binaries/lflinit.o
                0x810088a0                lflinit
 .text          0x81008948       0xdc binaries/lflputc.o
                0x81008948                lflputc
 .text          0x81008a24       0x78 binaries/lflread.o
                0x81008a24                lflread
 .text          0x81008a9c       0x80 binaries/lflseek.o
                0x81008a9c                lflseek
 .text          0x81008b1c       0x5c binaries/lflwrite.o
                0x81008b1c                lflwrite
 .text          0x81008b78       0xa0 binaries/lfscheck.o
                0x81008b78                lfscheck
 .text          0x81008c18      0x144 binaries/lfsckfmt.o
                0x81008c18                lfsckfmt
 .text          0x81008d5c      0x15c binaries/lfscreate.o
                0x81008d5c                lfscreate
 .text          0x81008eb8      0x1f0 binaries/lfsetup.o
                0x81008eb8                lfsetup
 .text          0x810090a8       0x44 binaries/lfsinit.o
                0x810090a8                lfsinit
 .text          0x810090ec      0x358 binaries/lfsopen.o
                0x810090ec                lfsopen
 .text          0x81009444      0x108 binaries/lftruncate.o
                0x81009444                lftruncate
 .text          0x8100954c       0x70 binaries/rflclose.o
                0x8100954c                rflclose
 .text          0x810095bc       0x54 binaries/rflgetc.o
                0x810095bc                rflgetc
 .text          0x81009610       0x54 binaries/rflinit.o
                0x81009610                rflinit
 .text          0x81009664       0x30 binaries/rflputc.o
                0x81009664                rflputc
 .text          0x81009694      0x298 binaries/rflread.o
                0x81009694                rflread
 .text          0x8100992c       0x74 binaries/rflseek.o
                0x8100992c                rflseek
 .text          0x810099a0      0x2c8 binaries/rflwrite.o
                0x810099a0                rflwrite
 .text          0x81009c68      0x1ec binaries/rfscomm.o
                0x81009c68                rfscomm
 .text          0x81009e54      0x21c binaries/rfscontrol.o
                0x81009e54                rfscontrol
 .text          0x8100a070       0xc8 binaries/rfsgetmode.o
                0x8100a070                rfsgetmode
 .text          0x8100a138       0x68 binaries/rfsinit.o
                0x8100a138                rfsinit
 .text          0x8100a1a0       0xa4 binaries/rfsndmsg.o
                0x8100a1a0                rfsndmsg
 .text          0x8100a244      0x22c binaries/rfsopen.o
                0x8100a244                rfsopen
 .text          0x8100a470        0x8 binaries/pmdinit.o
                0x8100a470                pmdinit
 .text          0x8100a478       0x7c binaries/pmdopen.o
                0x8100a478                pmdopen
 .text          0x8100a4f4       0xbc binaries/ppdclose.o
                0x8100a4f4                ppdclose
 .text          0x8100a5b0       0xa8 binaries/ppdgetc.o
                0x8100a5b0                ppdgetc
 .text          0x8100a658       0x70 binaries/ppdinit.o
                0x8100a658                ppdinit
 .text          0x8100a6c8       0x94 binaries/ppdputc.o
                0x8100a6c8                ppdputc
 .text          0x8100a75c       0x60 binaries/ppdwrite.o
                0x8100a75c                ppdwrite
 .text          0x8100a7bc       0x64 binaries/ppread.o
                0x8100a7bc                ppdread
 .text          0x8100a820       0x8c binaries/spicontrol.o
                0x8100a820                spicontrol
 .text          0x8100a8ac       0xa8 binaries/spiinit.o
                0x8100a8ac                spiinit
 .text          0x8100a954      0x19c binaries/gpiocontrol.o
                0x8100a954                gpiocontrol
 .text          0x8100aaf0      0x204 binaries/gpiohandler.o
                0x8100aaf0                gpiohandler
 .text          0x8100acf4       0xe8 binaries/gpioinit.o
                0x8100acf4                gpioinit
 .text          0x8100addc       0x18 binaries/gpioread.o
                0x8100addc                gpioread
 .text          0x8100adf4       0x18 binaries/gpioselect.o
                0x8100adf4                gpioselect
 .text          0x8100ae0c       0x20 binaries/gpiowrite.o
                0x8100ae0c                gpiowrite
 .text          0x8100ae2c      0x714 binaries/arp.o
                0x8100ae2c                arp_init
                0x8100ae4c                arp_alloc
                0x8100af20                arp_ntoh
                0x8100afc4                arp_hton
                0x8100b068                arp_resolve
                0x8100b2cc                arp_in
 .text          0x8100b540      0x6b0 binaries/dhcp.o
                0x8100b540                dhcp_get_opt_val
                0x8100b5a0                dhcp_bld_bootp_msg
                0x8100b698                dhcp_bld_disc
                0x8100b6ec                dhcp_bld_req
                0x8100b7b0                getlocalip
 .text          0x8100bbf0      0x56c binaries/dns.o
                0x8100bcd8                dnslookup
 .text          0x8100c15c      0x120 binaries/dot2ip.o
                0x8100c15c                dot2ip
 .text          0x8100c27c      0x33c binaries/hexdump.o
                0x8100c27c                hexdump
                0x8100c3dc                hexadump
 .text          0x8100c5b8      0x660 binaries/icmp.o
                0x8100c5b8                icmp_init
                0x8100c5dc                icmp_register
                0x8100c698                icmp_recv
                0x8100c7e8                icmp_mkpkt
                0x8100c8d8                icmp_in
                0x8100ca24                icmp_send
                0x8100ca94                icmp_release
                0x8100cb50                icmp_cksum
                0x8100cbb0                icmp_hton
                0x8100cbe4                icmp_ntoh
 .text          0x8100cc18      0x674 binaries/ip.o
                0x8100cc18                ip_local
                0x8100cc48                ipcksum
                0x8100cc8c                ip_ntoh
                0x8100cd30                ip_in
                0x8100ce6c                ip_hton
                0x8100cf10                ip_out
                0x8100cfc4                ip_send
                0x8100d0f4                ipout
                0x8100d1f0                ip_enqueue
 .text          0x8100d28c      0x228 binaries/net.o
                0x8100d28c                net_init
                0x8100d394                eth_hton
                0x8100d3a8                eth_ntoh
                0x8100d3bc                netin
                0x8100d464                getport
 .text          0x8100d4b4      0x9dc binaries/pdump.o
                0x8100d4b4                pdump
                0x8100da40                pdumph
 .text          0x8100de90      0x56c binaries/tftp.o
                0x8100de90                tftp_send1
                0x8100df7c                tftpget_mb
                0x8100e3c8                tftpget
 .text          0x8100e3fc      0x890 binaries/udp.o
                0x8100e3fc                udp_init
                0x8100e424                udp_in
                0x8100e510                udp_register
                0x8100e60c                udp_recv
                0x8100e740                udp_recvaddr
                0x8100e890                udp_send
                0x8100ea08                udp_sendto
                0x8100eb68                udp_release
                0x8100ec24                udp_ntoh
                0x8100ec58                udp_hton
 .text          0x8100ec8c      0x120 binaries/addargs.o
                0x8100ec8c                addargs
 .text          0x8100edac      0x314 binaries/lexan.o
                0x8100edac                lexan
 .text          0x8100f0c0      0xe74 binaries/shell.o
                0x8100f0c0                shell
 .text          0x8100ff34       0x64 binaries/xsh_argecho.o
                0x8100ff34                xsh_argecho
 .text          0x8100ff98      0x1f8 binaries/xsh_arp.o
                0x8100ff98                xsh_arp
 .text          0x81010190      0x23c binaries/xsh_cat.o
                0x81010190                xsh_cat
 .text          0x810103cc       0x5c binaries/xsh_clear.o
                0x810103cc                xsh_clear
 .text          0x81010428      0x29c binaries/xsh_date.o
                0x81010428                xsh_date
 .text          0x810106c4       0x98 binaries/xsh_devdump.o
                0x810106c4                xsh_devdump
 .text          0x8101075c       0x68 binaries/xsh_echo.o
                0x8101075c                xsh_echo
 .text          0x810107c4        0x8 binaries/xsh_exit.o
                0x810107c4                xsh_exit
 .text          0x810107cc      0x3d0 binaries/xsh_help.o
                0x810107cc                xsh_help
 .text          0x81010b9c      0x1f8 binaries/xsh_kill.o
                0x81010b9c                xsh_kill
 .text          0x81010d94      0x490 binaries/xsh_memdump.o
                0x81010e90                xsh_memdump
 .text          0x81011224      0x224 binaries/xsh_memstat.o
                0x81011224                xsh_memstat
 .text          0x81011448      0x3fc binaries/xsh_netinfo.o
                0x81011448                xsh_netinfo
 .text          0x81011844      0x3b0 binaries/xsh_ping.o
                0x81011844                xsh_ping
 .text          0x81011bf4      0x220 binaries/xsh_ps.o
                0x81011bf4                xsh_ps
 .text          0x81011e14      0x1cc binaries/xsh_sleep.o
                0x81011e14                xsh_sleep
 .text          0x81011fe0      0x244 binaries/xsh_udpdump.o
                0x81011fe0                xsh_udpdump
 .text          0x81012224      0x400 binaries/xsh_udpecho.o
                0x81012224                xsh_udpecho
 .text          0x81012624      0x254 binaries/xsh_udpserver.o
                0x81012624                xsh_udpeserver
 .text          0x81012878      0x1ac binaries/xsh_uptime.o
                0x81012878                xsh_uptime
 .text          0x81012a24       0x2c binaries/ctxsw.o
                0x81012a24                ctxsw
 .text          0x81012a50      0x100 binaries/intr.o
                0x81012a50                disable
                0x81012a5c                restore
                0x81012a80                enable
                0x81012a88                pause
                0x81012a88                halt
                0x81012a90                irq_except
                0x81012ac0                initevec
                0x81012b20                expjmpinstr
 .text          0x81012b50      0x114 ../cross_compiler/lib/gcc/arm-none-eabi/4.8.1//libgcc.a(_udivsi3.o)
                0x81012b50                __udivsi3
                0x81012b50                __aeabi_uidiv
                0x81012c44                __aeabi_uidivmod
 .text          0x81012c64      0x148 ../cross_compiler/lib/gcc/arm-none-eabi/4.8.1//libgcc.a(_divsi3.o)
                0x81012c64                __aeabi_idiv
                0x81012c64                __divsi3
                0x81012d8c                __aeabi_idivmod
 .text          0x81012dac        0x4 ../cross_compiler/lib/gcc/arm-none-eabi/4.8.1//libgcc.a(_dvmd_tls.o)
                0x81012dac                __aeabi_ldiv0
                0x81012dac                __aeabi_idiv0
 .text          0x81012db0      0x49c ../cross_compiler/lib/gcc/arm-none-eabi/4.8.1//libgcc.a(_arm_muldivdf3.o)
                0x81012db0                __aeabi_dmul
                0x81012db0                __muldf3
                0x81013040                __aeabi_ddiv
                0x81013040                __divdf3
 .text          0x8101324c      0x144 ../cross_compiler/lib/gcc/arm-none-eabi/4.8.1//libgcc.a(_arm_cmpdf2.o)
                0x8101324c                __gtdf2
                0x8101324c                __gedf2
                0x81013254                __ltdf2
                0x81013254                __ledf2
                0x8101325c                __cmpdf2
                0x8101325c                __eqdf2
                0x8101325c                __nedf2
                0x810132e4                __aeabi_cdrcmple
                0x81013300                __aeabi_cdcmple
                0x81013300                __aeabi_cdcmpeq
                0x81013318                __aeabi_dcmpeq
                0x81013330                __aeabi_dcmplt
                0x81013348                __aeabi_dcmple
                0x81013360                __aeabi_dcmpge
                0x81013378                __aeabi_dcmpgt
 .text          0x81013390       0x5c ../cross_compiler/lib/gcc/arm-none-eabi/4.8.1//libgcc.a(_arm_fixdfsi.o)
                0x81013390                __fixdfsi
                0x81013390                __aeabi_d2iz
 *(.rodata .rodata.*)
 .rodata.str1.4
                0x810133ec       0x78 binaries/ascdate.o
 .rodata.str1.4
                0x81013464      0x151 binaries/conf.o
                                0x154 (size before relaxing)
 *fill*         0x810135b5        0x3 
 .rodata.str1.4
                0x810135b8       0x61 binaries/getutime.o
                                 0x64 (size before relaxing)
 *fill*         0x81013619        0x3 
 .rodata.str1.4
                0x8101361c      0x190 binaries/initialize.o
                                0x194 (size before relaxing)
 .rodata.str1.4
                0x810137ac        0xf binaries/panic.o
                                 0x10 (size before relaxing)
 *fill*         0x810137bb        0x1 
 .rodata.str1.4
                0x810137bc       0x1d binaries/ptinit.o
                                 0x20 (size before relaxing)
 *fill*         0x810137d9        0x3 
 .rodata.str1.4
                0x810137dc       0x25 binaries/ptsend.o
                                 0x28 (size before relaxing)
 *fill*         0x81013801        0x3 
 .rodata.str1.4
                0x81013804       0x2a binaries/runshell.o
                                 0x2c (size before relaxing)
 *fill*         0x8101382e        0x2 
 .rodata.str1.4
                0x81013830       0x27 binaries/xdone.o
                                 0x28 (size before relaxing)
 *fill*         0x81013857        0x1 
 .rodata        0x81013858       0x84 binaries/ctype_.o
                0x81013858                _ctype_
 .rodata.str1.4
                0x810138dc       0x2f binaries/doprnt.o
                                 0x30 (size before relaxing)
 .rodata.str1.4
                0x00000000       0x30 binaries/fdoprnt.o
 *fill*         0x8101390b        0x1 
 .rodata.str1.4
                0x8101390c       0x86 binaries/naminit.o
                                 0x90 (size before relaxing)
 *fill*         0x81013992        0x2 
 .rodata.str1.4
                0x81013994       0xe5 binaries/ethinit.o
                                 0xe8 (size before relaxing)
 *fill*         0x81013a79        0x3 
 .rodata.str1.4
                0x81013a7c       0x12 binaries/ethread.o
                                 0x14 (size before relaxing)
 *fill*         0x81013a8e        0x2 
 .rodata.str1.4
                0x81013a90       0x2c binaries/rdsbufalloc.o
 .rodata.str1.4
                0x81013abc       0x76 binaries/rdscomm.o
                                 0x78 (size before relaxing)
 *fill*         0x81013b32        0x2 
 .rodata.str1.4
                0x81013b34       0x48 binaries/rdscontrol.o
 .rodata.str1.4
                0x81013b7c       0x96 binaries/rdsinit.o
                                 0x98 (size before relaxing)
 *fill*         0x81013c12        0x2 
 .rodata.str1.4
                0x81013c14       0x22 binaries/rdsopen.o
                                 0x24 (size before relaxing)
 *fill*         0x81013c36        0x2 
 .rodata.str1.4
                0x81013c38       0x4d binaries/rdsprocess.o
                                 0x50 (size before relaxing)
 *fill*         0x81013c85        0x3 
 .rodata.str1.4
                0x81013c88        0x9 binaries/raminit.o
                                  0xc (size before relaxing)
 *fill*         0x81013c91        0x3 
 .rodata.str1.4
                0x81013c94       0x37 binaries/lfdballoc.o
                                 0x38 (size before relaxing)
 *fill*         0x81013ccb        0x1 
 .rodata.str1.4
                0x81013ccc       0x14 binaries/lfiballoc.o
 .rodata.str1.4
                0x81013ce0       0x23 binaries/lflcontrol.o
                                 0x24 (size before relaxing)
 *fill*         0x81013d03        0x1 
 .rodata.str1.4
                0x81013d04      0x11f binaries/lfsckfmt.o
                                0x120 (size before relaxing)
 *fill*         0x81013e23        0x1 
 .rodata.str1.4
                0x81013e24       0x2a binaries/lfsopen.o
                                 0x2c (size before relaxing)
 *fill*         0x81013e4e        0x2 
 .rodata.str1.4
                0x81013e50       0x21 binaries/rflread.o
                                 0x24 (size before relaxing)
 .rodata.str1.4
                0x00000000       0x24 binaries/rflwrite.o
 *fill*         0x81013e71        0x3 
 .rodata.str1.4
                0x81013e74       0xb9 binaries/rfscomm.o
                                 0xbc (size before relaxing)
 *fill*         0x81013f2d        0x3 
 .rodata.str1.4
                0x81013f30       0x23 binaries/rfscontrol.o
                                 0x24 (size before relaxing)
 *fill*         0x81013f53        0x1 
 .rodata.str1.4
                0x81013f54       0x2b binaries/rfsinit.o
                                 0x2c (size before relaxing)
 *fill*         0x81013f7f        0x1 
 .rodata.str1.4
                0x81013f80       0x2a binaries/rfsndmsg.o
                                 0x2c (size before relaxing)
 .rodata.str1.4
                0x00000000       0x24 binaries/rfsopen.o
 *fill*         0x81013faa        0x2 
 .rodata.str1.4
                0x81013fac       0x3d binaries/arp.o
                                 0x40 (size before relaxing)
 *fill*         0x81013fe9        0x3 
 .rodata.str1.4
                0x81013fec       0xd3 binaries/dhcp.o
                                 0xd4 (size before relaxing)
 *fill*         0x810140bf        0x1 
 .rodata.str1.4
                0x810140c0       0x1a binaries/dns.o
                                 0x1c (size before relaxing)
 *fill*         0x810140da        0x2 
 .rodata.str1.4
                0x810140dc       0xca binaries/hexdump.o
                                 0xd8 (size before relaxing)
 *fill*         0x810141a6        0x2 
 .rodata.str1.4
                0x810141a8       0x29 binaries/icmp.o
                                 0x2c (size before relaxing)
 *fill*         0x810141d1        0x3 
 .rodata.str1.4
                0x810141d4       0x6e binaries/ip.o
                                 0x70 (size before relaxing)
 *fill*         0x81014242        0x2 
 .rodata.str1.4
                0x81014244       0x53 binaries/net.o
                                 0x54 (size before relaxing)
 *fill*         0x81014297        0x1 
 .rodata.str1.4
                0x81014298      0x292 binaries/pdump.o
                                0x298 (size before relaxing)
 *fill*         0x8101452a        0x2 
 .rodata.str1.4
                0x8101452c      0x154 binaries/tftp.o
                                0x158 (size before relaxing)
 .rodata        0x81014680       0xfc binaries/shell.o
                0x81014680                cmdtab
 .rodata.str1.4
                0x8101477c      0x326 binaries/shell.o
                                0x334 (size before relaxing)
 *fill*         0x81014aa2        0x2 
 .rodata.str1.4
                0x81014aa4       0x29 binaries/xsh_argecho.o
                                 0x30 (size before relaxing)
 *fill*         0x81014acd        0x3 
 .rodata.str1.4
                0x81014ad0      0x13e binaries/xsh_arp.o
                                0x144 (size before relaxing)
 *fill*         0x81014c0e        0x2 
 .rodata.str1.4
                0x81014c10       0x81 binaries/xsh_cat.o
                                 0xd4 (size before relaxing)
 *fill*         0x81014c91        0x3 
 .rodata.str1.4
                0x81014c94       0x19 binaries/xsh_clear.o
                                 0x1c (size before relaxing)
 *fill*         0x81014cad        0x3 
 .rodata.str1.4
                0x81014cb0      0x1af binaries/xsh_date.o
                                0x1cc (size before relaxing)
 *fill*         0x81014e5f        0x1 
 .rodata.str1.4
                0x81014e60       0x61 binaries/xsh_devdump.o
                                 0x64 (size before relaxing)
 *fill*         0x81014ec1        0x3 
 .rodata.str1.4
                0x81014ec4        0x8 binaries/xsh_echo.o
                                  0xc (size before relaxing)
 .rodata.str1.4
                0x81014ecc       0xe7 binaries/xsh_help.o
                                0x17c (size before relaxing)
 *fill*         0x81014fb3        0x1 
 .rodata.str1.4
                0x81014fb4       0xc8 binaries/xsh_kill.o
                                0x138 (size before relaxing)
 .rodata.str1.4
                0x8101507c      0x226 binaries/xsh_memdump.o
                                0x27c (size before relaxing)
 *fill*         0x810152a2        0x2 
 .rodata.str1.4
                0x810152a4      0x1cc binaries/xsh_memstat.o
                                0x234 (size before relaxing)
 .rodata.str1.4
                0x81015470      0x10f binaries/xsh_netinfo.o
                                0x1cc (size before relaxing)
 *fill*         0x8101557f        0x1 
 .rodata.str1.4
                0x81015580      0x13f binaries/xsh_ping.o
                                0x1b4 (size before relaxing)
 *fill*         0x810156bf        0x1 
 .rodata        0x810156c0       0x20 binaries/xsh_ps.o
 .rodata.str1.4
                0x810156e0      0x11a binaries/xsh_ps.o
                                0x1d4 (size before relaxing)
 *fill*         0x810157fa        0x2 
 .rodata.str1.4
                0x810157fc       0x5e binaries/xsh_sleep.o
                                 0xf8 (size before relaxing)
 *fill*         0x8101585a        0x2 
 .rodata        0x8101585c        0xc binaries/xsh_udpdump.o
 .rodata.str1.4
                0x81015868      0x122 binaries/xsh_udpdump.o
                                0x1e0 (size before relaxing)
 *fill*         0x8101598a        0x2 
 .rodata.str1.4
                0x8101598c      0x1ae binaries/xsh_udpecho.o
                                0x224 (size before relaxing)
 *fill*         0x81015b3a        0x2 
 .rodata.str1.4
                0x81015b3c       0x97 binaries/xsh_udpserver.o
                                0x13c (size before relaxing)
 *fill*         0x81015bd3        0x1 
 .rodata.str1.4
                0x81015bd4       0x78 binaries/xsh_uptime.o
                                0x114 (size before relaxing)
                0x81015c4c                etext = ABSOLUTE (.)
                0x81016000                . = ALIGN (0x1000)
 *fill*         0x81015c4c      0x3b4 

.glue_7         0x81016000        0x0
 .glue_7        0x00000000        0x0 linker stubs

.glue_7t        0x81016000        0x0
 .glue_7t       0x00000000        0x0 linker stubs

.vfp11_veneer   0x81016000        0x0
 .vfp11_veneer  0x00000000        0x0 linker stubs

.v4_bx          0x81016000        0x0
 .v4_bx         0x00000000        0x0 linker stubs

.iplt           0x81016000        0x0
 .iplt          0x00000000        0x0 binaries/start.o

.rel.dyn        0x81016000        0x0
 .rel.iplt      0x00000000        0x0 binaries/start.o

.data           0x81016000     0x1000
                0x81016000                data = ABSOLUTE (.)
 *(.data .data.*)
 .data          0x81016000        0x0 binaries/start.o
 .data          0x81016000       0x88 binaries/ascdate.o
                0x81016000                Date
 .data          0x81016088        0x0 binaries/bufinit.o
 .data          0x81016088        0x0 binaries/chprio.o
 .data          0x81016088        0x0 binaries/clkhandler.o
 .data          0x81016088        0x0 binaries/clkinit.o
 .data          0x81016088        0x0 binaries/close.o
 .data          0x81016088      0x99c binaries/conf.o
                0x81016088                devtab
 .data          0x81016a24        0x0 binaries/control.o
 .data          0x81016a24        0x4 binaries/create.o
 .data          0x81016a28       0x40 binaries/evec.o
                0x81016a28                expmsg2
                0x81016a3c                expmsg1
 .data          0x81016a68        0x0 binaries/exit.o
 .data          0x81016a68        0x0 binaries/freebuf.o
 .data          0x81016a68        0x0 binaries/freemem.o
 .data          0x81016a68        0x0 binaries/getbuf.o
 .data          0x81016a68        0x0 binaries/getc.o
 .data          0x81016a68        0x0 binaries/getdev.o
 .data          0x81016a68        0x0 binaries/getitem.o
 .data          0x81016a68        0x0 binaries/getmem.o
 .data          0x81016a68        0x0 binaries/getpid.o
 .data          0x81016a68        0x0 binaries/getprio.o
 .data          0x81016a68        0x0 binaries/getstk.o
 .data          0x81016a68        0x0 binaries/getticks.o
 .data          0x81016a68        0x0 binaries/gettime.o
 .data          0x81016a68        0x0 binaries/getutime.o
 .data          0x81016a68        0x0 binaries/init.o
 .data          0x81016a68        0x0 binaries/initialize.o
 .data          0x81016a68        0x0 binaries/insert.o
 .data          0x81016a68        0x0 binaries/insertd.o
 .data          0x81016a68        0x0 binaries/ioerr.o
 .data          0x81016a68        0x0 binaries/ionull.o
 .data          0x81016a68        0x0 binaries/kill.o
 .data          0x81016a68        0x0 binaries/kprintf.o
 .data          0x81016a68        0x0 binaries/main.o
 .data          0x81016a68        0x0 binaries/mark.o
 .data          0x81016a68        0x0 binaries/meminit.o
 .data          0x81016a68        0x0 binaries/mkbufpool.o
 .data          0x81016a68        0x2 binaries/newqueue.o
 .data          0x81016a6a        0x0 binaries/open.o
 .data          0x81016a6a        0x0 binaries/panic.o
 .data          0x81016a6a        0x0 binaries/platinit.o
 .data          0x81016a6a        0x0 binaries/ptclear.o
 .data          0x81016a6a        0x0 binaries/ptcount.o
 .data          0x81016a6a        0x0 binaries/ptcreate.o
 .data          0x81016a6a        0x0 binaries/ptdelete.o
 .data          0x81016a6a        0x0 binaries/ptinit.o
 .data          0x81016a6a        0x0 binaries/ptrecv.o
 .data          0x81016a6a        0x0 binaries/ptreset.o
 .data          0x81016a6a        0x0 binaries/ptsend.o
 .data          0x81016a6a        0x0 binaries/putc.o
 .data          0x81016a6a        0x0 binaries/queue.o
 .data          0x81016a6a        0x0 binaries/read.o
 .data          0x81016a6a        0x0 binaries/ready.o
 .data          0x81016a6a        0x0 binaries/receive.o
 .data          0x81016a6a        0x0 binaries/recvclr.o
 .data          0x81016a6a        0x0 binaries/recvtime.o
 .data          0x81016a6a        0x0 binaries/resched.o
 .data          0x81016a6a        0x0 binaries/resume.o
 .data          0x81016a6a        0x0 binaries/runshell.o
 .data          0x81016a6a        0x0 binaries/seek.o
 .data          0x81016a6a        0x0 binaries/semcount.o
 .data          0x81016a6a        0x0 binaries/semcreate.o
 .data          0x81016a6a        0x0 binaries/semdelete.o
 .data          0x81016a6a        0x0 binaries/semreset.o
 .data          0x81016a6a        0x0 binaries/send.o
 .data          0x81016a6a        0x0 binaries/signal.o
 .data          0x81016a6a        0x0 binaries/signaln.o
 .data          0x81016a6a        0x0 binaries/sleep.o
 .data          0x81016a6a        0x0 binaries/suspend.o
 .data          0x81016a6a        0x0 binaries/unsleep.o
 .data          0x81016a6a        0x0 binaries/uprintf.o
 .data          0x81016a6a        0x0 binaries/userret.o
 .data          0x81016a6a        0x0 binaries/wait.o
 .data          0x81016a6a        0x0 binaries/wakeup.o
 .data          0x81016a6a        0x0 binaries/write.o
 .data          0x81016a6a        0x0 binaries/xdone.o
 .data          0x81016a6a        0x0 binaries/yield.o
 .data          0x81016a6a        0x0 binaries/abs.o
 .data          0x81016a6a        0x0 binaries/atoi.o
 .data          0x81016a6a        0x0 binaries/atol.o
 .data          0x81016a6a        0x0 binaries/bzero.o
 .data          0x81016a6a        0x0 binaries/ctype_.o
 .data          0x81016a6a        0x0 binaries/doprnt.o
 *fill*         0x81016a6a        0x2 
 .data          0x81016a6c       0x80 binaries/doscan.o
                0x81016a6c                _sctab
 .data          0x81016aec        0x0 binaries/fdoprnt.o
 .data          0x81016aec        0x0 binaries/fgetc.o
 .data          0x81016aec        0x0 binaries/fgets.o
 .data          0x81016aec        0x0 binaries/fprintf.o
 .data          0x81016aec        0x0 binaries/fputc.o
 .data          0x81016aec        0x0 binaries/fputs.o
 .data          0x81016aec        0x0 binaries/fscanf.o
 .data          0x81016aec        0x0 binaries/getchar.o
 .data          0x81016aec        0x0 binaries/labs.o
 .data          0x81016aec        0x0 binaries/memchr.o
 .data          0x81016aec        0x0 binaries/memcmp.o
 .data          0x81016aec        0x0 binaries/memcpy.o
 .data          0x81016aec        0x0 binaries/memset.o
 .data          0x81016aec        0x0 binaries/printf.o
 .data          0x81016aec        0x0 binaries/putchar.o
 .data          0x81016aec        0x0 binaries/qsort.o
 .data          0x81016aec        0x4 binaries/rand.o
 .data          0x81016af0        0x0 binaries/sprintf.o
 .data          0x81016af0        0x0 binaries/sscanf.o
 .data          0x81016af0        0x0 binaries/strchr.o
 .data          0x81016af0        0x0 binaries/strcmp.o
 .data          0x81016af0        0x0 binaries/strcpy.o
 .data          0x81016af0        0x0 binaries/strlen.o
 .data          0x81016af0        0x0 binaries/strncat.o
 .data          0x81016af0        0x0 binaries/strncmp.o
 .data          0x81016af0        0x0 binaries/strncpy.o
 .data          0x81016af0        0x0 binaries/strnlen.o
 .data          0x81016af0        0x0 binaries/strrchr.o
 .data          0x81016af0        0x0 binaries/strstr.o
 .data          0x81016af0        0x0 binaries/ttycontrol.o
 .data          0x81016af0        0x0 binaries/ttygetc.o
 .data          0x81016af0        0x0 binaries/ttyhandle_in.o
 .data          0x81016af0        0x0 binaries/ttyhandle_out.o
 .data          0x81016af0        0x0 binaries/ttyhandler.o
 .data          0x81016af0        0x0 binaries/ttyinit.o
 .data          0x81016af0        0x0 binaries/ttykickout.o
 .data          0x81016af0        0x0 binaries/ttyputc.o
 .data          0x81016af0        0x0 binaries/ttyread.o
 .data          0x81016af0        0x0 binaries/ttywrite.o
 .data          0x81016af0        0x0 binaries/mount.o
 .data          0x81016af0        0x0 binaries/naminit.o
 .data          0x81016af0        0x0 binaries/nammap.o
 .data          0x81016af0        0x0 binaries/namopen.o
 .data          0x81016af0        0x0 binaries/ethcontrol.o
 .data          0x81016af0        0x0 binaries/ethhandler.o
 .data          0x81016af0        0x0 binaries/ethinit.o
 .data          0x81016af0        0x0 binaries/ethread.o
 .data          0x81016af0        0x0 binaries/ethwrite.o
 .data          0x81016af0        0x0 binaries/rdsbufalloc.o
 .data          0x81016af0        0x0 binaries/rdsclose.o
 .data          0x81016af0        0x0 binaries/rdscomm.o
 .data          0x81016af0        0x0 binaries/rdscontrol.o
 .data          0x81016af0        0x0 binaries/rdsinit.o
 .data          0x81016af0        0x0 binaries/rdsopen.o
 .data          0x81016af0        0x0 binaries/rdsprocess.o
 .data          0x81016af0        0x0 binaries/rdsread.o
 .data          0x81016af0        0x0 binaries/rdswrite.o
 .data          0x81016af0        0x0 binaries/ramclose.o
 .data          0x81016af0        0x0 binaries/raminit.o
 .data          0x81016af0        0x0 binaries/ramopen.o
 .data          0x81016af0        0x0 binaries/ramread.o
 .data          0x81016af0        0x0 binaries/ramwrite.o
 .data          0x81016af0        0x0 binaries/lfdballoc.o
 .data          0x81016af0        0x0 binaries/lfdbfree.o
 .data          0x81016af0        0x0 binaries/lfflush.o
 .data          0x81016af0        0x0 binaries/lfgetmode.o
 .data          0x81016af0        0x0 binaries/lfiballoc.o
 .data          0x81016af0        0x0 binaries/lfibclear.o
 .data          0x81016af0        0x0 binaries/lfibget.o
 .data          0x81016af0        0x0 binaries/lfibput.o
 .data          0x81016af0        0x0 binaries/lflclose.o
 .data          0x81016af0        0x0 binaries/lflcontrol.o
 .data          0x81016af0        0x0 binaries/lflgetc.o
 .data          0x81016af0        0x0 binaries/lflinit.o
 .data          0x81016af0        0x0 binaries/lflputc.o
 .data          0x81016af0        0x0 binaries/lflread.o
 .data          0x81016af0        0x0 binaries/lflseek.o
 .data          0x81016af0        0x0 binaries/lflwrite.o
 .data          0x81016af0        0x0 binaries/lfscheck.o
 .data          0x81016af0        0x0 binaries/lfsckfmt.o
 .data          0x81016af0        0x0 binaries/lfscreate.o
 .data          0x81016af0        0x0 binaries/lfsetup.o
 .data          0x81016af0        0x0 binaries/lfsinit.o
 .data          0x81016af0        0x0 binaries/lfsopen.o
 .data          0x81016af0        0x0 binaries/lftruncate.o
 .data          0x81016af0        0x0 binaries/rflclose.o
 .data          0x81016af0        0x0 binaries/rflgetc.o
 .data          0x81016af0        0x0 binaries/rflinit.o
 .data          0x81016af0        0x0 binaries/rflputc.o
 .data          0x81016af0        0x0 binaries/rflread.o
 .data          0x81016af0        0x0 binaries/rflseek.o
 .data          0x81016af0        0x0 binaries/rflwrite.o
 .data          0x81016af0        0x0 binaries/rfscomm.o
 .data          0x81016af0        0x0 binaries/rfscontrol.o
 .data          0x81016af0        0x0 binaries/rfsgetmode.o
 .data          0x81016af0        0x0 binaries/rfsinit.o
 .data          0x81016af0        0x0 binaries/rfsndmsg.o
 .data          0x81016af0        0x0 binaries/rfsopen.o
 .data          0x81016af0        0x0 binaries/pmdinit.o
 .data          0x81016af0        0x0 binaries/pmdopen.o
 .data          0x81016af0        0x0 binaries/ppdclose.o
 .data          0x81016af0        0x0 binaries/ppdgetc.o
 .data          0x81016af0        0x0 binaries/ppdinit.o
 .data          0x81016af0        0x0 binaries/ppdputc.o
 .data          0x81016af0        0x0 binaries/ppdwrite.o
 .data          0x81016af0        0x0 binaries/ppread.o
 .data          0x81016af0        0x0 binaries/spicontrol.o
 .data          0x81016af0        0x0 binaries/spiinit.o
 .data          0x81016af0        0x0 binaries/gpiocontrol.o
 .data          0x81016af0        0x0 binaries/gpiohandler.o
 .data          0x81016af0        0x0 binaries/gpioinit.o
 .data          0x81016af0        0x0 binaries/gpioread.o
 .data          0x81016af0        0x0 binaries/gpioselect.o
 .data          0x81016af0        0x0 binaries/gpiowrite.o
 .data          0x81016af0        0x0 binaries/arp.o
 .data          0x81016af0        0x0 binaries/dhcp.o
 .data          0x81016af0        0x0 binaries/dns.o
 .data          0x81016af0        0x0 binaries/dot2ip.o
 .data          0x81016af0        0x0 binaries/hexdump.o
 .data          0x81016af0        0x4 binaries/icmp.o
 .data          0x81016af4        0x0 binaries/ip.o
 .data          0x81016af4        0x0 binaries/net.o
 .data          0x81016af4        0x0 binaries/pdump.o
 .data          0x81016af4        0x0 binaries/tftp.o
 .data          0x81016af4        0x4 binaries/udp.o
 .data          0x81016af8        0x0 binaries/addargs.o
 .data          0x81016af8        0x0 binaries/lexan.o
 .data          0x81016af8        0x4 binaries/shell.o
                0x81016af8                ncmd
 .data          0x81016afc        0x0 binaries/xsh_argecho.o
 .data          0x81016afc        0x0 binaries/xsh_arp.o
 .data          0x81016afc        0x0 binaries/xsh_cat.o
 .data          0x81016afc        0x0 binaries/xsh_clear.o
 .data          0x81016afc        0x0 binaries/xsh_date.o
 .data          0x81016afc        0x0 binaries/xsh_devdump.o
 .data          0x81016afc        0x0 binaries/xsh_echo.o
 .data          0x81016afc        0x0 binaries/xsh_exit.o
 .data          0x81016afc        0x0 binaries/xsh_help.o
 .data          0x81016afc        0x0 binaries/xsh_kill.o
 .data          0x81016afc        0x0 binaries/xsh_memdump.o
 .data          0x81016afc        0x0 binaries/xsh_memstat.o
 .data          0x81016afc        0x0 binaries/xsh_netinfo.o
 .data          0x81016afc        0x0 binaries/xsh_ping.o
 .data          0x81016afc        0x0 binaries/xsh_ps.o
 .data          0x81016afc        0x0 binaries/xsh_sleep.o
 .data          0x81016afc        0x0 binaries/xsh_udpdump.o
 .data          0x81016afc        0x0 binaries/xsh_udpecho.o
 .data          0x81016afc        0x0 binaries/xsh_udpserver.o
 .data          0x81016afc        0x0 binaries/xsh_uptime.o
 .data          0x81016afc        0x0 binaries/ctxsw.o
 .data          0x81016afc        0x0 binaries/intr.o
 .data          0x81016afc        0x0 ../cross_compiler/lib/gcc/arm-none-eabi/4.8.1//libgcc.a(_udivsi3.o)
 .data          0x81016afc        0x0 ../cross_compiler/lib/gcc/arm-none-eabi/4.8.1//libgcc.a(_divsi3.o)
 .data          0x81016afc        0x0 ../cross_compiler/lib/gcc/arm-none-eabi/4.8.1//libgcc.a(_dvmd_tls.o)
 .data          0x81016afc        0x0 ../cross_compiler/lib/gcc/arm-none-eabi/4.8.1//libgcc.a(_arm_muldivdf3.o)
 .data          0x81016afc        0x0 ../cross_compiler/lib/gcc/arm-none-eabi/4.8.1//libgcc.a(_arm_cmpdf2.o)
 .data          0x81016afc        0x0 ../cross_compiler/lib/gcc/arm-none-eabi/4.8.1//libgcc.a(_arm_fixdfsi.o)
                0x81016afc                edata = ABSOLUTE (.)
                0x81017000                . = ALIGN (0x1000)
 *fill*         0x81016afc      0x504 

.igot.plt       0x81017000        0x0
 .igot.plt      0x00000000        0x0 binaries/start.o

.bss            0x81017000    0x20000
                0x81017000                bss = ABSOLUTE (.)
 *(.bss .bss.*)
 .bss           0x81017000        0x0 binaries/start.o
 .bss           0x81017000        0x0 binaries/ascdate.o
 .bss           0x81017000        0x0 binaries/bufinit.o
 .bss           0x81017000        0x0 binaries/chprio.o
 .bss           0x81017000        0x0 binaries/clkhandler.o
 .bss           0x81017000        0x0 binaries/clkinit.o
 .bss           0x81017000        0x0 binaries/close.o
 .bss           0x81017000        0x0 binaries/conf.o
 .bss           0x81017000        0x0 binaries/control.o
 .bss           0x81017000        0x0 binaries/create.o
 .bss           0x81017000        0x0 binaries/evec.o
 .bss           0x81017000        0x0 binaries/exit.o
 .bss           0x81017000        0x0 binaries/freebuf.o
 .bss           0x81017000        0x0 binaries/freemem.o
 .bss           0x81017000        0x0 binaries/getbuf.o
 .bss           0x81017000        0x0 binaries/getc.o
 .bss           0x81017000        0x0 binaries/getdev.o
 .bss           0x81017000        0x0 binaries/getitem.o
 .bss           0x81017000        0x0 binaries/getmem.o
 .bss           0x81017000        0x0 binaries/getpid.o
 .bss           0x81017000        0x0 binaries/getprio.o
 .bss           0x81017000        0x0 binaries/getstk.o
 .bss           0x81017000        0x0 binaries/getticks.o
 .bss           0x81017000        0x0 binaries/gettime.o
 .bss           0x81017000        0x0 binaries/getutime.o
 .bss           0x81017000        0x0 binaries/init.o
 .bss           0x81017000        0x0 binaries/initialize.o
 .bss           0x81017000        0x0 binaries/insert.o
 .bss           0x81017000        0x0 binaries/insertd.o
 .bss           0x81017000        0x0 binaries/ioerr.o
 .bss           0x81017000        0x0 binaries/ionull.o
 .bss           0x81017000        0x0 binaries/kill.o
 .bss           0x81017000        0x0 binaries/kprintf.o
 .bss           0x81017000        0x0 binaries/main.o
 .bss           0x81017000        0x0 binaries/mark.o
 .bss           0x81017000        0x0 binaries/meminit.o
 .bss           0x81017000        0x0 binaries/mkbufpool.o
 .bss           0x81017000        0x0 binaries/newqueue.o
 .bss           0x81017000        0x0 binaries/open.o
 .bss           0x81017000        0x0 binaries/panic.o
 .bss           0x81017000        0x0 binaries/platinit.o
 .bss           0x81017000        0x0 binaries/ptclear.o
 .bss           0x81017000        0x0 binaries/ptcount.o
 .bss           0x81017000        0x0 binaries/ptcreate.o
 .bss           0x81017000        0x0 binaries/ptdelete.o
 .bss           0x81017000        0x0 binaries/ptinit.o
 .bss           0x81017000        0x0 binaries/ptrecv.o
 .bss           0x81017000        0x0 binaries/ptreset.o
 .bss           0x81017000        0x0 binaries/ptsend.o
 .bss           0x81017000        0x0 binaries/putc.o
 .bss           0x81017000        0x0 binaries/queue.o
 .bss           0x81017000        0x0 binaries/read.o
 .bss           0x81017000        0x0 binaries/ready.o
 .bss           0x81017000        0x0 binaries/receive.o
 .bss           0x81017000        0x0 binaries/recvclr.o
 .bss           0x81017000        0x0 binaries/recvtime.o
 .bss           0x81017000        0x0 binaries/resched.o
 .bss           0x81017000        0x0 binaries/resume.o
 .bss           0x81017000        0x0 binaries/runshell.o
 .bss           0x81017000        0x0 binaries/seek.o
 .bss           0x81017000        0x0 binaries/semcount.o
 .bss           0x81017000        0x4 binaries/semcreate.o
 .bss           0x81017004        0x0 binaries/semdelete.o
 .bss           0x81017004        0x0 binaries/semreset.o
 .bss           0x81017004        0x0 binaries/send.o
 .bss           0x81017004        0x0 binaries/signal.o
 .bss           0x81017004        0x0 binaries/signaln.o
 .bss           0x81017004        0x0 binaries/sleep.o
 .bss           0x81017004        0x0 binaries/suspend.o
 .bss           0x81017004        0x0 binaries/unsleep.o
 .bss           0x81017004        0x0 binaries/uprintf.o
 .bss           0x81017004        0x0 binaries/userret.o
 .bss           0x81017004        0x0 binaries/wait.o
 .bss           0x81017004        0x0 binaries/wakeup.o
 .bss           0x81017004        0x0 binaries/write.o
 .bss           0x81017004        0x0 binaries/xdone.o
 .bss           0x81017004        0x0 binaries/yield.o
 .bss           0x81017004        0x0 binaries/abs.o
 .bss           0x81017004        0x0 binaries/atoi.o
 .bss           0x81017004        0x0 binaries/atol.o
 .bss           0x81017004        0x0 binaries/bzero.o
 .bss           0x81017004        0x0 binaries/ctype_.o
 .bss           0x81017004        0x0 binaries/doprnt.o
 .bss           0x81017004        0x0 binaries/doscan.o
 .bss           0x81017004        0x0 binaries/fdoprnt.o
 .bss           0x81017004        0x0 binaries/fgetc.o
 .bss           0x81017004        0x0 binaries/fgets.o
 .bss           0x81017004        0x0 binaries/fprintf.o
 .bss           0x81017004        0x0 binaries/fputc.o
 .bss           0x81017004        0x0 binaries/fputs.o
 .bss           0x81017004        0x0 binaries/fscanf.o
 .bss           0x81017004        0x0 binaries/getchar.o
 .bss           0x81017004        0x0 binaries/labs.o
 .bss           0x81017004        0x0 binaries/memchr.o
 .bss           0x81017004        0x0 binaries/memcmp.o
 .bss           0x81017004        0x0 binaries/memcpy.o
 .bss           0x81017004        0x0 binaries/memset.o
 .bss           0x81017004        0x0 binaries/printf.o
 .bss           0x81017004        0x0 binaries/putchar.o
 .bss           0x81017004        0x8 binaries/qsort.o
 .bss           0x8101700c        0x0 binaries/rand.o
 .bss           0x8101700c        0x0 binaries/sprintf.o
 .bss           0x8101700c        0x0 binaries/sscanf.o
 .bss           0x8101700c        0x0 binaries/strchr.o
 .bss           0x8101700c        0x0 binaries/strcmp.o
 .bss           0x8101700c        0x0 binaries/strcpy.o
 .bss           0x8101700c        0x0 binaries/strlen.o
 .bss           0x8101700c        0x0 binaries/strncat.o
 .bss           0x8101700c        0x0 binaries/strncmp.o
 .bss           0x8101700c        0x0 binaries/strncpy.o
 .bss           0x8101700c        0x0 binaries/strnlen.o
 .bss           0x8101700c        0x0 binaries/strrchr.o
 .bss           0x8101700c        0x0 binaries/strstr.o
 .bss           0x8101700c        0x0 binaries/ttycontrol.o
 .bss           0x8101700c        0x0 binaries/ttygetc.o
 .bss           0x8101700c        0x0 binaries/ttyhandle_in.o
 .bss           0x8101700c        0x0 binaries/ttyhandle_out.o
 .bss           0x8101700c        0x0 binaries/ttyhandler.o
 .bss           0x8101700c        0x0 binaries/ttyinit.o
 .bss           0x8101700c        0x0 binaries/ttykickout.o
 .bss           0x8101700c        0x0 binaries/ttyputc.o
 .bss           0x8101700c        0x0 binaries/ttyread.o
 .bss           0x8101700c        0x0 binaries/ttywrite.o
 .bss           0x8101700c        0x0 binaries/mount.o
 .bss           0x8101700c        0x0 binaries/naminit.o
 .bss           0x8101700c        0x0 binaries/nammap.o
 .bss           0x8101700c        0x0 binaries/namopen.o
 .bss           0x8101700c        0x0 binaries/ethcontrol.o
 .bss           0x8101700c        0x0 binaries/ethhandler.o
 .bss           0x8101700c        0x0 binaries/ethinit.o
 .bss           0x8101700c        0x0 binaries/ethread.o
 .bss           0x8101700c        0x0 binaries/ethwrite.o
 .bss           0x8101700c        0x0 binaries/rdsbufalloc.o
 .bss           0x8101700c        0x0 binaries/rdsclose.o
 .bss           0x8101700c        0x0 binaries/rdscomm.o
 .bss           0x8101700c        0x0 binaries/rdscontrol.o
 .bss           0x8101700c        0x0 binaries/rdsinit.o
 .bss           0x8101700c        0x0 binaries/rdsopen.o
 .bss           0x8101700c        0x0 binaries/rdsprocess.o
 .bss           0x8101700c        0x0 binaries/rdsread.o
 .bss           0x8101700c        0x0 binaries/rdswrite.o
 .bss           0x8101700c        0x0 binaries/ramclose.o
 .bss           0x8101700c        0x0 binaries/raminit.o
 .bss           0x8101700c        0x0 binaries/ramopen.o
 .bss           0x8101700c        0x0 binaries/ramread.o
 .bss           0x8101700c        0x0 binaries/ramwrite.o
 .bss           0x8101700c        0x0 binaries/lfdballoc.o
 .bss           0x8101700c        0x0 binaries/lfdbfree.o
 .bss           0x8101700c        0x0 binaries/lfflush.o
 .bss           0x8101700c        0x0 binaries/lfgetmode.o
 .bss           0x8101700c        0x0 binaries/lfiballoc.o
 .bss           0x8101700c        0x0 binaries/lfibclear.o
 .bss           0x8101700c        0x0 binaries/lfibget.o
 .bss           0x8101700c        0x0 binaries/lfibput.o
 .bss           0x8101700c        0x0 binaries/lflclose.o
 .bss           0x8101700c        0x0 binaries/lflcontrol.o
 .bss           0x8101700c        0x0 binaries/lflgetc.o
 .bss           0x8101700c        0x0 binaries/lflinit.o
 .bss           0x8101700c        0x0 binaries/lflputc.o
 .bss           0x8101700c        0x0 binaries/lflread.o
 .bss           0x8101700c        0x0 binaries/lflseek.o
 .bss           0x8101700c        0x0 binaries/lflwrite.o
 .bss           0x8101700c        0x0 binaries/lfscheck.o
 .bss           0x8101700c        0x0 binaries/lfsckfmt.o
 .bss           0x8101700c        0x0 binaries/lfscreate.o
 .bss           0x8101700c        0x0 binaries/lfsetup.o
 .bss           0x8101700c        0x0 binaries/lfsinit.o
 .bss           0x8101700c        0x0 binaries/lfsopen.o
 .bss           0x8101700c        0x0 binaries/lftruncate.o
 .bss           0x8101700c        0x0 binaries/rflclose.o
 .bss           0x8101700c        0x0 binaries/rflgetc.o
 .bss           0x8101700c        0x0 binaries/rflinit.o
 .bss           0x8101700c        0x0 binaries/rflputc.o
 .bss           0x8101700c        0x0 binaries/rflread.o
 .bss           0x8101700c        0x0 binaries/rflseek.o
 .bss           0x8101700c        0x0 binaries/rflwrite.o
 .bss           0x8101700c        0x0 binaries/rfscomm.o
 .bss           0x8101700c        0x0 binaries/rfscontrol.o
 .bss           0x8101700c        0x0 binaries/rfsgetmode.o
 .bss           0x8101700c        0x0 binaries/rfsinit.o
 .bss           0x8101700c        0x0 binaries/rfsndmsg.o
 .bss           0x8101700c        0x0 binaries/rfsopen.o
 .bss           0x8101700c        0x0 binaries/pmdinit.o
 .bss           0x8101700c        0x0 binaries/pmdopen.o
 .bss           0x8101700c        0x0 binaries/ppdclose.o
 .bss           0x8101700c        0x0 binaries/ppdgetc.o
 .bss           0x8101700c        0x0 binaries/ppdinit.o
 .bss           0x8101700c        0x0 binaries/ppdputc.o
 .bss           0x8101700c        0x0 binaries/ppdwrite.o
 .bss           0x8101700c        0x0 binaries/ppread.o
 .bss           0x8101700c        0x0 binaries/spicontrol.o
 .bss           0x8101700c        0x0 binaries/spiinit.o
 .bss           0x8101700c        0x0 binaries/gpiocontrol.o
 .bss           0x8101700c        0x0 binaries/gpiohandler.o
 .bss           0x8101700c        0x0 binaries/gpioinit.o
 .bss           0x8101700c        0x0 binaries/gpioread.o
 .bss           0x8101700c        0x0 binaries/gpioselect.o
 .bss           0x8101700c        0x0 binaries/gpiowrite.o
 .bss           0x8101700c        0x0 binaries/arp.o
 .bss           0x8101700c        0x0 binaries/dhcp.o
 .bss           0x8101700c        0x0 binaries/dns.o
 .bss           0x8101700c        0x0 binaries/dot2ip.o
 .bss           0x8101700c        0x0 binaries/hexdump.o
 .bss           0x8101700c        0x0 binaries/icmp.o
 .bss           0x8101700c        0x0 binaries/ip.o
 .bss           0x8101700c        0x0 binaries/net.o
 .bss           0x8101700c        0x0 binaries/pdump.o
 .bss           0x8101700c        0x0 binaries/tftp.o
 .bss           0x8101700c        0x0 binaries/udp.o
 .bss           0x8101700c        0x0 binaries/addargs.o
 .bss           0x8101700c        0x0 binaries/lexan.o
 .bss           0x8101700c        0x0 binaries/shell.o
 .bss           0x8101700c        0x0 binaries/xsh_argecho.o
 .bss           0x8101700c        0x0 binaries/xsh_arp.o
 .bss           0x8101700c        0x0 binaries/xsh_cat.o
 .bss           0x8101700c        0x0 binaries/xsh_clear.o
 .bss           0x8101700c        0x0 binaries/xsh_date.o
 .bss           0x8101700c        0x0 binaries/xsh_devdump.o
 .bss           0x8101700c        0x0 binaries/xsh_echo.o
 .bss           0x8101700c        0x0 binaries/xsh_exit.o
 .bss           0x8101700c        0x0 binaries/xsh_help.o
 .bss           0x8101700c        0x0 binaries/xsh_kill.o
 .bss           0x8101700c        0x0 binaries/xsh_memdump.o
 .bss           0x8101700c        0x0 binaries/xsh_memstat.o
 .bss           0x8101700c        0x0 binaries/xsh_netinfo.o
 .bss           0x8101700c        0x4 binaries/xsh_ping.o
 .bss           0x81017010        0x0 binaries/xsh_ps.o
 .bss           0x81017010        0x0 binaries/xsh_sleep.o
 .bss           0x81017010        0x0 binaries/xsh_udpdump.o
 .bss           0x81017010        0x0 binaries/xsh_udpecho.o
 .bss           0x81017010        0x0 binaries/xsh_udpserver.o
 .bss           0x81017010        0x0 binaries/xsh_uptime.o
 .bss           0x81017010        0x0 binaries/ctxsw.o
 .bss           0x81017010        0x0 binaries/intr.o
 .bss           0x81017010        0x0 ../cross_compiler/lib/gcc/arm-none-eabi/4.8.1//libgcc.a(_udivsi3.o)
 .bss           0x81017010        0x0 ../cross_compiler/lib/gcc/arm-none-eabi/4.8.1//libgcc.a(_divsi3.o)
 .bss           0x81017010        0x0 ../cross_compiler/lib/gcc/arm-none-eabi/4.8.1//libgcc.a(_dvmd_tls.o)
 .bss           0x81017010        0x0 ../cross_compiler/lib/gcc/arm-none-eabi/4.8.1//libgcc.a(_arm_muldivdf3.o)
 .bss           0x81017010        0x0 ../cross_compiler/lib/gcc/arm-none-eabi/4.8.1//libgcc.a(_arm_cmpdf2.o)
 .bss           0x81017010        0x0 ../cross_compiler/lib/gcc/arm-none-eabi/4.8.1//libgcc.a(_arm_fixdfsi.o)
 *(COMMON)
 COMMON         0x81017010       0xf4 binaries/bufinit.o
                0x81017010                buftab
                0x81017100                nbpools
 COMMON         0x81017104       0x10 binaries/clkinit.o
                0x81017104                sleepq
                0x81017108                preempt
                0x8101710c                count1000
                0x81017110                clktime
 COMMON         0x81017114      0x200 binaries/evec.o
                0x81017114                intc_vector
 COMMON         0x81017314     0x1fa0 binaries/initialize.o
                0x81017314                pipes
                0x81017684                currpid
                0x81017688                proctab
                0x81018df8                prcount
                0x81018dfc                semtab
                0x810192ac                memlist
 COMMON         0x810192b4       0x58 binaries/mark.o
                0x810192b4                marks
                0x81019304                nmarks
                0x81019308                mkmutex
 COMMON         0x8101930c        0x8 binaries/meminit.o
                0x8101930c                minheap
                0x81019310                maxheap
 COMMON         0x81019314      0x2d8 binaries/ptinit.o
                0x81019314                porttab
                0x810195e4                ptnextid
                0x810195e8                ptfree
 COMMON         0x810195ec      0x980 binaries/queue.o
                0x810195ec                queuetab
 COMMON         0x81019f6c        0x2 binaries/ready.o
                0x81019f6c                readylist
 *fill*         0x81019f6e        0x2 
 COMMON         0x81019f70        0x8 binaries/resched.o
                0x81019f70                Defer
 COMMON         0x81019f78      0x110 binaries/ttyinit.o
                0x81019f78                ttytab
 COMMON         0x8101a088     0x200c binaries/naminit.o
                0x8101a088                nnames
                0x8101a08c                nametab
 COMMON         0x8101c094      0x154 binaries/ethinit.o
                0x8101c094                eth_a_regs
                0x8101c0b0                ethertab
 COMMON         0x8101c1e8       0x8c binaries/rdsinit.o
                0x8101c1e8                rdstab
 COMMON         0x8101c274    0x19000 binaries/raminit.o
                0x8101c274                Ram
 COMMON         0x81035274      0xf00 binaries/lflinit.o
                0x81035274                lfltab
 COMMON         0x81036174      0x20c binaries/lfsinit.o
                0x81036174                Lf_data
 COMMON         0x81036380      0x5a0 binaries/rflinit.o
                0x81036380                rfltab
 COMMON         0x81036920       0x18 binaries/rfsinit.o
                0x81036920                Rf_data
 COMMON         0x81036938       0x10 binaries/gpioinit.o
                0x81036938                gpiotab
 COMMON         0x81036948      0x140 binaries/arp.o
                0x81036948                arpcache
 COMMON         0x81036a88      0x230 binaries/icmp.o
                0x81036a88                icmptab
 COMMON         0x81036cb8       0x2c binaries/ip.o
                0x81036cb8                ipoqueue
 COMMON         0x81036ce4       0xb8 binaries/net.o
                0x81036ce4                netbufpool
                0x81036ce8                netportseed
                0x81036cec                NetData
 COMMON         0x81036d9c      0x168 binaries/udp.o
                0x81036d9c                udptab
 COMMON         0x81036f04        0x1 binaries/lexan.o
                0x81036f04                commtype
                0x81036f05                ebss = ABSOLUTE (.)
                0x81037000                . = ALIGN (0x1000)
 *fill*         0x81036f05       0xfb 
 */()
                0x81037000                end = ABSOLUTE (.)
                0x81037000                _end = ABSOLUTE (.)
                0x81037000                . = ALIGN (0x1000)
LOAD binaries/start.o
LOAD binaries/ascdate.o
LOAD binaries/bufinit.o
LOAD binaries/chprio.o
LOAD binaries/clkhandler.o
LOAD binaries/clkinit.o
LOAD binaries/close.o
LOAD binaries/conf.o
LOAD binaries/control.o
LOAD binaries/create.o
LOAD binaries/evec.o
LOAD binaries/exit.o
LOAD binaries/freebuf.o
LOAD binaries/freemem.o
LOAD binaries/getbuf.o
LOAD binaries/getc.o
LOAD binaries/getdev.o
LOAD binaries/getitem.o
LOAD binaries/getmem.o
LOAD binaries/getpid.o
LOAD binaries/getprio.o
LOAD binaries/getstk.o
LOAD binaries/getticks.o
LOAD binaries/gettime.o
LOAD binaries/getutime.o
LOAD binaries/init.o
LOAD binaries/initialize.o
LOAD binaries/insert.o
LOAD binaries/insertd.o
LOAD binaries/ioerr.o
LOAD binaries/ionull.o
LOAD binaries/kill.o
LOAD binaries/kprintf.o
LOAD binaries/main.o
LOAD binaries/mark.o
LOAD binaries/meminit.o
LOAD binaries/mkbufpool.o
LOAD binaries/newqueue.o
LOAD binaries/open.o
LOAD binaries/panic.o
LOAD binaries/platinit.o
LOAD binaries/ptclear.o
LOAD binaries/ptcount.o
LOAD binaries/ptcreate.o
LOAD binaries/ptdelete.o
LOAD binaries/ptinit.o
LOAD binaries/ptrecv.o
LOAD binaries/ptreset.o
LOAD binaries/ptsend.o
LOAD binaries/putc.o
LOAD binaries/queue.o
LOAD binaries/read.o
LOAD binaries/ready.o
LOAD binaries/receive.o
LOAD binaries/recvclr.o
LOAD binaries/recvtime.o
LOAD binaries/resched.o
LOAD binaries/resume.o
LOAD binaries/runshell.o
LOAD binaries/seek.o
LOAD binaries/semcount.o
LOAD binaries/semcreate.o
LOAD binaries/semdelete.o
LOAD binaries/semreset.o
LOAD binaries/send.o
[...]
                0x00002071       0x35 binaries/lflinit.o
 .ARM.attributes
                0x000020a6       0x35 binaries/lflputc.o
 .ARM.attributes
                0x000020db       0x35 binaries/lflread.o
 .ARM.attributes
                0x00002110       0x35 binaries/lflseek.o
 .ARM.attributes
                0x00002145       0x35 binaries/lflwrite.o
 .ARM.attributes
                0x0000217a       0x35 binaries/lfscheck.o
 .ARM.attributes
                0x000021af       0x35 binaries/lfsckfmt.o
 .ARM.attributes
                0x000021e4       0x35 binaries/lfscreate.o
 .ARM.attributes
                0x00002219       0x35 binaries/lfsetup.o
 .ARM.attributes
                0x0000224e       0x35 binaries/lfsinit.o
 .ARM.attributes
                0x00002283       0x35 binaries/lfsopen.o
 .ARM.attributes
                0x000022b8       0x35 binaries/lftruncate.o
 .ARM.attributes
                0x000022ed       0x35 binaries/rflclose.o
 .ARM.attributes
                0x00002322       0x35 binaries/rflgetc.o
 .ARM.attributes
                0x00002357       0x35 binaries/rflinit.o
 .ARM.attributes
                0x0000238c       0x35 binaries/rflputc.o
 .ARM.attributes
                0x000023c1       0x35 binaries/rflread.o
 .ARM.attributes
                0x000023f6       0x35 binaries/rflseek.o
 .ARM.attributes
                0x0000242b       0x35 binaries/rflwrite.o
 .ARM.attributes
                0x00002460       0x35 binaries/rfscomm.o
 .ARM.attributes
                0x00002495       0x35 binaries/rfscontrol.o
 .ARM.attributes
                0x000024ca       0x35 binaries/rfsgetmode.o
 .ARM.attributes
                0x000024ff       0x35 binaries/rfsinit.o
 .ARM.attributes
                0x00002534       0x35 binaries/rfsndmsg.o
 .ARM.attributes
                0x00002569       0x35 binaries/rfsopen.o
 .ARM.attributes
                0x0000259e       0x35 binaries/pmdinit.o
 .ARM.attributes
                0x000025d3       0x35 binaries/pmdopen.o
 .ARM.attributes
                0x00002608       0x35 binaries/ppdclose.o
 .ARM.attributes
                0x0000263d       0x35 binaries/ppdgetc.o
 .ARM.attributes
                0x00002672       0x35 binaries/ppdinit.o
 .ARM.attributes
                0x000026a7       0x35 binaries/ppdputc.o
 .ARM.attributes
                0x000026dc       0x35 binaries/ppdwrite.o
 .ARM.attributes
                0x00002711       0x35 binaries/ppread.o
 .ARM.attributes
                0x00002746       0x35 binaries/spicontrol.o
 .ARM.attributes
                0x0000277b       0x35 binaries/spiinit.o
 .ARM.attributes
                0x000027b0       0x35 binaries/gpiocontrol.o
 .ARM.attributes
                0x000027e5       0x35 binaries/gpiohandler.o
 .ARM.attributes
                0x0000281a       0x35 binaries/gpioinit.o
 .ARM.attributes
                0x0000284f       0x35 binaries/gpioread.o
 .ARM.attributes
                0x00002884       0x35 binaries/gpioselect.o
 .ARM.attributes
                0x000028b9       0x35 binaries/gpiowrite.o
 .ARM.attributes
                0x000028ee       0x35 binaries/arp.o
 .ARM.attributes
                0x00002923       0x35 binaries/dhcp.o
 .ARM.attributes
                0x00002958       0x35 binaries/dns.o
 .ARM.attributes
                0x0000298d       0x35 binaries/dot2ip.o
 .ARM.attributes
                0x000029c2       0x35 binaries/hexdump.o
 .ARM.attributes
                0x000029f7       0x35 binaries/icmp.o
 .ARM.attributes
                0x00002a2c       0x35 binaries/ip.o
 .ARM.attributes
                0x00002a61       0x35 binaries/net.o
 .ARM.attributes
                0x00002a96       0x35 binaries/pdump.o
 .ARM.attributes
                0x00002acb       0x35 binaries/tftp.o
 .ARM.attributes
                0x00002b00       0x35 binaries/udp.o
 .ARM.attributes
                0x00002b35       0x35 binaries/addargs.o
 .ARM.attributes
                0x00002b6a       0x35 binaries/lexan.o
 .ARM.attributes
                0x00002b9f       0x35 binaries/shell.o
 .ARM.attributes
                0x00002bd4       0x35 binaries/xsh_argecho.o
 .ARM.attributes
                0x00002c09       0x35 binaries/xsh_arp.o
 .ARM.attributes
                0x00002c3e       0x35 binaries/xsh_cat.o
 .ARM.attributes
                0x00002c73       0x35 binaries/xsh_clear.o
 .ARM.attributes
                0x00002ca8       0x35 binaries/xsh_date.o
 .ARM.attributes
                0x00002cdd       0x35 binaries/xsh_devdump.o
 .ARM.attributes
                0x00002d12       0x35 binaries/xsh_echo.o
 .ARM.attributes
                0x00002d47       0x35 binaries/xsh_exit.o
 .ARM.attributes
                0x00002d7c       0x35 binaries/xsh_help.o
 .ARM.attributes
                0x00002db1       0x35 binaries/xsh_kill.o
 .ARM.attributes
                0x00002de6       0x35 binaries/xsh_memdump.o
 .ARM.attributes
                0x00002e1b       0x35 binaries/xsh_memstat.o
 .ARM.attributes
                0x00002e50       0x35 binaries/xsh_netinfo.o
 .ARM.attributes
                0x00002e85       0x35 binaries/xsh_ping.o
 .ARM.attributes
                0x00002eba       0x35 binaries/xsh_ps.o
 .ARM.attributes
                0x00002eef       0x35 binaries/xsh_sleep.o
 .ARM.attributes
                0x00002f24       0x35 binaries/xsh_udpdump.o
 .ARM.attributes
                0x00002f59       0x35 binaries/xsh_udpecho.o
 .ARM.attributes
                0x00002f8e       0x35 binaries/xsh_udpserver.o
 .ARM.attributes
                0x00002fc3       0x35 binaries/xsh_uptime.o
 .ARM.attributes
                0x00002ff8       0x25 binaries/ctxsw.o
 .ARM.attributes
                0x0000301d       0x25 binaries/intr.o
 .ARM.attributes
                0x00003042       0x18 ../cross_compiler/lib/gcc/arm-none-eabi/4.8.1//libgcc.a(_udivsi3.o)
 .ARM.attributes
                0x0000305a       0x18 ../cross_compiler/lib/gcc/arm-none-eabi/4.8.1//libgcc.a(_divsi3.o)
 .ARM.attributes
                0x00003072       0x18 ../cross_compiler/lib/gcc/arm-none-eabi/4.8.1//libgcc.a(_dvmd_tls.o)
 .ARM.attributes
                0x0000308a       0x18 ../cross_compiler/lib/gcc/arm-none-eabi/4.8.1//libgcc.a(_arm_muldivdf3.o)
 .ARM.attributes
                0x000030a2       0x18 ../cross_compiler/lib/gcc/arm-none-eabi/4.8.1//libgcc.a(_arm_cmpdf2.o)
 .ARM.attributes
                0x000030ba       0x18 ../cross_compiler/lib/gcc/arm-none-eabi/4.8.1//libgcc.a(_arm_fixdfsi.o)

.comment        0x00000000       0x30
 .comment       0x00000000       0x30 binaries/ascdate.o
                                 0x31 (size before relaxing)
 .comment       0x00000000       0x31 binaries/bufinit.o
 .comment       0x00000000       0x31 binaries/chprio.o
 .comment       0x00000000       0x31 binaries/clkhandler.o
 .comment       0x00000000       0x31 binaries/clkinit.o
 .comment       0x00000000       0x31 binaries/close.o
 .comment       0x00000000       0x31 binaries/conf.o
 .comment       0x00000000       0x31 binaries/control.o
 .comment       0x00000000       0x31 binaries/create.o
 .comment       0x00000000       0x31 binaries/evec.o
 .comment       0x00000000       0x31 binaries/exit.o
 .comment       0x00000000       0x31 binaries/freebuf.o
 .comment       0x00000000       0x31 binaries/freemem.o
 .comment       0x00000000       0x31 binaries/getbuf.o
 .comment       0x00000000       0x31 binaries/getc.o
 .comment       0x00000000       0x31 binaries/getdev.o
 .comment       0x00000000       0x31 binaries/getitem.o
 .comment       0x00000000       0x31 binaries/getmem.o
 .comment       0x00000000       0x31 binaries/getpid.o
 .comment       0x00000000       0x31 binaries/getprio.o
 .comment       0x00000000       0x31 binaries/getstk.o
 .comment       0x00000000       0x31 binaries/getticks.o
 .comment       0x00000000       0x31 binaries/gettime.o
 .comment       0x00000000       0x31 binaries/getutime.o
 .comment       0x00000000       0x31 binaries/init.o
 .comment       0x00000000       0x31 binaries/initialize.o
 .comment       0x00000000       0x31 binaries/insert.o
 .comment       0x00000000       0x31 binaries/insertd.o
 .comment       0x00000000       0x31 binaries/ioerr.o
 .comment       0x00000000       0x31 binaries/ionull.o
 .comment       0x00000000       0x31 binaries/kill.o
 .comment       0x00000000       0x31 binaries/kprintf.o
 .comment       0x00000000       0x31 binaries/main.o
 .comment       0x00000000       0x31 binaries/mark.o
 .comment       0x00000000       0x31 binaries/meminit.o
 .comment       0x00000000       0x31 binaries/mkbufpool.o
 .comment       0x00000000       0x31 binaries/newqueue.o
 .comment       0x00000000       0x31 binaries/open.o
 .comment       0x00000000       0x31 binaries/panic.o
 .comment       0x00000000       0x31 binaries/platinit.o
 .comment       0x00000000       0x31 binaries/ptclear.o
 .comment       0x00000000       0x31 binaries/ptcount.o
 .comment       0x00000000       0x31 binaries/ptcreate.o
 .comment       0x00000000       0x31 binaries/ptdelete.o
 .comment       0x00000000       0x31 binaries/ptinit.o
 .comment       0x00000000       0x31 binaries/ptrecv.o
 .comment       0x00000000       0x31 binaries/ptreset.o
 .comment       0x00000000       0x31 binaries/ptsend.o
 .comment       0x00000000       0x31 binaries/putc.o
 .comment       0x00000000       0x31 binaries/queue.o
 .comment       0x00000000       0x31 binaries/read.o
 .comment       0x00000000       0x31 binaries/ready.o
 .comment       0x00000000       0x31 binaries/receive.o
 .comment       0x00000000       0x31 binaries/recvclr.o
 .comment       0x00000000       0x31 binaries/recvtime.o
 .comment       0x00000000       0x31 binaries/resched.o
 .comment       0x00000000       0x31 binaries/resume.o
 .comment       0x00000000       0x31 binaries/runshell.o
 .comment       0x00000000       0x31 binaries/seek.o
 .comment       0x00000000       0x31 binaries/semcount.o
 .comment       0x00000000       0x31 binaries/semcreate.o
 .comment       0x00000000       0x31 binaries/semdelete.o
 .comment       0x00000000       0x31 binaries/semreset.o
 .comment       0x00000000       0x31 binaries/send.o
 .comment       0x00000000       0x31 binaries/signal.o
 .comment       0x00000000       0x31 binaries/signaln.o
 .comment       0x00000000       0x31 binaries/sleep.o
 .comment       0x00000000       0x31 binaries/suspend.o
 .comment       0x00000000       0x31 binaries/unsleep.o
 .comment       0x00000000       0x31 binaries/uprintf.o
 .comment       0x00000000       0x31 binaries/userret.o
 .comment       0x00000000       0x31 binaries/wait.o
 .comment       0x00000000       0x31 binaries/wakeup.o
 .comment       0x00000000       0x31 binaries/write.o
 .comment       0x00000000       0x31 binaries/xdone.o
 .comment       0x00000000       0x31 binaries/yield.o
 .comment       0x00000000       0x31 binaries/abs.o
 .comment       0x00000000       0x31 binaries/atoi.o
 .comment       0x00000000       0x31 binaries/atol.o
 .comment       0x00000000       0x31 binaries/bzero.o
 .comment       0x00000000       0x31 binaries/ctype_.o
 .comment       0x00000000       0x31 binaries/doprnt.o
 .comment       0x00000000       0x31 binaries/doscan.o
 .comment       0x00000000       0x31 binaries/fdoprnt.o
 .comment       0x00000000       0x31 binaries/fgetc.o
 .comment       0x00000000       0x31 binaries/fgets.o
 .comment       0x00000000       0x31 binaries/fprintf.o
 .comment       0x00000000       0x31 binaries/fputc.o
 .comment       0x00000000       0x31 binaries/fputs.o
 .comment       0x00000000       0x31 binaries/fscanf.o
 .comment       0x00000000       0x31 binaries/getchar.o
 .comment       0x00000000       0x31 binaries/labs.o
 .comment       0x00000000       0x31 binaries/memchr.o
 .comment       0x00000000       0x31 binaries/memcmp.o
 .comment       0x00000000       0x31 binaries/memcpy.o
 .comment       0x00000000       0x31 binaries/memset.o
 .comment       0x00000000       0x31 binaries/printf.o
 .comment       0x00000000       0x31 binaries/putchar.o
 .comment       0x00000000       0x31 binaries/qsort.o
 .comment       0x00000000       0x31 binaries/rand.o
 .comment       0x00000000       0x31 binaries/sprintf.o
 .comment       0x00000000       0x31 binaries/sscanf.o
 .comment       0x00000000       0x31 binaries/strchr.o
 .comment       0x00000000       0x31 binaries/strcmp.o
 .comment       0x00000000       0x31 binaries/strcpy.o
 .comment       0x00000000       0x31 binaries/strlen.o
 .comment       0x00000000       0x31 binaries/strncat.o
 .comment       0x00000000       0x31 binaries/strncmp.o
 .comment       0x00000000       0x31 binaries/strncpy.o
 .comment       0x00000000       0x31 binaries/strnlen.o
 .comment       0x00000000       0x31 binaries/strrchr.o
 .comment       0x00000000       0x31 binaries/strstr.o
 .comment       0x00000000       0x31 binaries/ttycontrol.o
 .comment       0x00000000       0x31 binaries/ttygetc.o
 .comment       0x00000000       0x31 binaries/ttyhandle_in.o
 .comment       0x00000000       0x31 binaries/ttyhandle_out.o
 .comment       0x00000000       0x31 binaries/ttyhandler.o
 .comment       0x00000000       0x31 binaries/ttyinit.o
 .comment       0x00000000       0x31 binaries/ttykickout.o
 .comment       0x00000000       0x31 binaries/ttyputc.o
 .comment       0x00000000       0x31 binaries/ttyread.o
 .comment       0x00000000       0x31 binaries/ttywrite.o
 .comment       0x00000000       0x31 binaries/mount.o
 .comment       0x00000000       0x31 binaries/naminit.o
 .comment       0x00000000       0x31 binaries/nammap.o
 .comment       0x00000000       0x31 binaries/namopen.o
 .comment       0x00000000       0x31 binaries/ethcontrol.o
 .comment       0x00000000       0x31 binaries/ethhandler.o
 .comment       0x00000000       0x31 binaries/ethinit.o
 .comment       0x00000000       0x31 binaries/ethread.o
 .comment       0x00000000       0x31 binaries/ethwrite.o
 .comment       0x00000000       0x31 binaries/rdsbufalloc.o
 .comment       0x00000000       0x31 binaries/rdsclose.o
 .comment       0x00000000       0x31 binaries/rdscomm.o
 .comment       0x00000000       0x31 binaries/rdscontrol.o
 .comment       0x00000000       0x31 binaries/rdsinit.o
 .comment       0x00000000       0x31 binaries/rdsopen.o
 .comment       0x00000000       0x31 binaries/rdsprocess.o
 .comment       0x00000000       0x31 binaries/rdsread.o
 .comment       0x00000000       0x31 binaries/rdswrite.o
 .comment       0x00000000       0x31 binaries/ramclose.o
 .comment       0x00000000       0x31 binaries/raminit.o
 .comment       0x00000000       0x31 binaries/ramopen.o
 .comment       0x00000000       0x31 binaries/ramread.o
 .comment       0x00000000       0x31 binaries/ramwrite.o
 .comment       0x00000000       0x31 binaries/lfdballoc.o
 .comment       0x00000000       0x31 binaries/lfdbfree.o
 .comment       0x00000000       0x31 binaries/lfflush.o
 .comment       0x00000000       0x31 binaries/lfgetmode.o
 .comment       0x00000000       0x31 binaries/lfiballoc.o
 .comment       0x00000000       0x31 binaries/lfibclear.o
 .comment       0x00000000       0x31 binaries/lfibget.o
 .comment       0x00000000       0x31 binaries/lfibput.o
 .comment       0x00000000       0x31 binaries/lflclose.o
 .comment       0x00000000       0x31 binaries/lflcontrol.o
 .comment       0x00000000       0x31 binaries/lflgetc.o
 .comment       0x00000000       0x31 binaries/lflinit.o
 .comment       0x00000000       0x31 binaries/lflputc.o
 .comment       0x00000000       0x31 binaries/lflread.o
 .comment       0x00000000       0x31 binaries/lflseek.o
 .comment       0x00000000       0x31 binaries/lflwrite.o
 .comment       0x00000000       0x31 binaries/lfscheck.o
 .comment       0x00000000       0x31 binaries/lfsckfmt.o
 .comment       0x00000000       0x31 binaries/lfscreate.o
 .comment       0x00000000       0x31 binaries/lfsetup.o
 .comment       0x00000000       0x31 binaries/lfsinit.o
 .comment       0x00000000       0x31 binaries/lfsopen.o
 .comment       0x00000000       0x31 binaries/lftruncate.o
 .comment       0x00000000       0x31 binaries/rflclose.o
 .comment       0x00000000       0x31 binaries/rflgetc.o
 .comment       0x00000000       0x31 binaries/rflinit.o
 .comment       0x00000000       0x31 binaries/rflputc.o
 .comment       0x00000000       0x31 binaries/rflread.o
 .comment       0x00000000       0x31 binaries/rflseek.o
 .comment       0x00000000       0x31 binaries/rflwrite.o
 .comment       0x00000000       0x31 binaries/rfscomm.o
 .comment       0x00000000       0x31 binaries/rfscontrol.o
 .comment       0x00000000       0x31 binaries/rfsgetmode.o
 .comment       0x00000000       0x31 binaries/rfsinit.o
 .comment       0x00000000       0x31 binaries/rfsndmsg.o
 .comment       0x00000000       0x31 binaries/rfsopen.o
 .comment       0x00000000       0x31 binaries/pmdinit.o
 .comment       0x00000000       0x31 binaries/pmdopen.o
 .comment       0x00000000       0x31 binaries/ppdclose.o
 .comment       0x00000000       0x31 binaries/ppdgetc.o
 .comment       0x00000000       0x31 binaries/ppdinit.o
 .comment       0x00000000       0x31 binaries/ppdputc.o
 .comment       0x00000000       0x31 binaries/ppdwrite.o
 .comment       0x00000000       0x31 binaries/ppread.o
 .comment       0x00000000       0x31 binaries/spicontrol.o
 .comment       0x00000000       0x31 binaries/spiinit.o
 .comment       0x00000000       0x31 binaries/gpiocontrol.o
 .comment       0x00000000       0x31 binaries/gpiohandler.o
 .comment       0x00000000       0x31 binaries/gpioinit.o
 .comment       0x00000000       0x31 binaries/gpioread.o
 .comment       0x00000000       0x31 binaries/gpioselect.o
 .comment       0x00000000       0x31 binaries/gpiowrite.o
 .comment       0x00000000       0x31 binaries/arp.o
 .comment       0x00000000       0x31 binaries/dhcp.o
 .comment       0x00000000       0x31 binaries/dns.o
 .comment       0x00000000       0x31 binaries/dot2ip.o
 .comment       0x00000000       0x31 binaries/hexdump.o
 .comment       0x00000000       0x31 binaries/icmp.o
 .comment       0x00000000       0x31 binaries/ip.o
 .comment       0x00000000       0x31 binaries/net.o
 .comment       0x00000000       0x31 binaries/pdump.o
 .comment       0x00000000       0x31 binaries/tftp.o
 .comment       0x00000000       0x31 binaries/udp.o
 .comment       0x00000000       0x31 binaries/addargs.o
 .comment       0x00000000       0x31 binaries/lexan.o
 .comment       0x00000000       0x31 binaries/shell.o
 .comment       0x00000000       0x31 binaries/xsh_argecho.o
 .comment       0x00000000       0x31 binaries/xsh_arp.o
 .comment       0x00000000       0x31 binaries/xsh_cat.o
 .comment       0x00000000       0x31 binaries/xsh_clear.o
 .comment       0x00000000       0x31 binaries/xsh_date.o
 .comment       0x00000000       0x31 binaries/xsh_devdump.o
 .comment       0x00000000       0x31 binaries/xsh_echo.o
 .comment       0x00000000       0x31 binaries/xsh_exit.o
 .comment       0x00000000       0x31 binaries/xsh_help.o
 .comment       0x00000000       0x31 binaries/xsh_kill.o
 .comment       0x00000000       0x31 binaries/xsh_memdump.o
 .comment       0x00000000       0x31 binaries/xsh_memstat.o
 .comment       0x00000000       0x31 binaries/xsh_netinfo.o
 .comment       0x00000000       0x31 binaries/xsh_ping.o
 .comment       0x00000000       0x31 binaries/xsh_ps.o
 .comment       0x00000000       0x31 binaries/xsh_sleep.o
 .comment       0x00000000       0x31 binaries/xsh_udpdump.o
 .comment       0x00000000       0x31 binaries/xsh_udpecho.o
 .comment       0x00000000       0x31 binaries/xsh_udpserver.o
 .comment       0x00000000       0x31 binaries/xsh_uptime.o

.debug_frame    0x00000000       0x40
 .debug_frame   0x00000000       0x20 ../cross_compiler/lib/gcc/arm-none-eabi/4.8.1//libgcc.a(_udivsi3.o)
 .debug_frame   0x00000020       0x20 ../cross_compiler/lib/gcc/arm-none-eabi/4.8.1//libgcc.a(_divsi3.o)
